// Jest Snapshot v1, https://goo.gl/fbAQLP

exports[`Blog component matches the snapshot 1`] = `
<div>
  <nav
    className="navbar-bg navbar navbar-expand navbar-dark"
  >
    <a
      className="navbar-brand"
      href="/home"
    >
      <img
        alt="quiz-logo"
        src="https://cdn.pixabay.com/photo/2018/08/31/11/17/quiz-3644414_960_720.png"
        style={
          Object {
            "width": "60px",
          }
        }
      />
    </a>
    <button
      aria-controls="responsive-navbar-nav"
      aria-label="Toggle navigation"
      className="navbar-toggler collapsed"
      onClick={[Function]}
      type="button"
    >
      <span
        className="navbar-toggler-icon"
      />
    </button>
    <div
      aria-expanded={null}
      className="navbar-collapse collapse"
      id="responsive-navbar-nav"
    >
      <div
        className="mr-auto navbar-nav"
        onKeyDown={[Function]}
      />
      <div
        className="navbar-nav"
        onKeyDown={[Function]}
      >
        <a
          className="btn btn-outline-warning"
          href="/start"
          onClick={[Function]}
          onKeyDown={[Function]}
          style={
            Object {
              "marginRight": "15px",
            }
          }
        >
          Demo
        </a>
        <span
          className="navbar-text"
        >
          Signed in as: 
          <strong
            style={
              Object {
                "color": "white",
              }
            }
          />
        </span>
        <div
          className="nav-item dropdown"
        >
          <a
            aria-expanded={false}
            aria-haspopup={true}
            className="dropdown-toggle nav-link"
            data-rb-event-key={null}
            href="#"
            id="basic-nav-dropdown"
            onClick={[Function]}
            onKeyDown={[Function]}
            role="button"
          />
        </div>
      </div>
    </div>
  </nav>
  <div
    className="home-main"
  >
    <div
      className="left-main"
    >
      <div
        className="sub-main"
      >
        <h3>
          SUBJECTS
        </h3>
        <hr />
        <div
          className="cards"
        >
          <div
            style={
              Object {
                "display": "flex",
                "flexWrap": "wrap",
              }
            }
          >
            <div />
          </div>
        </div>
      </div>
    </div>
    <div
      className="right-main"
    >
      <div
        className="blogs-container"
      >
        <div
          className="blog-title"
        >
          Latest Updates
        </div>
        <div
          className="separator"
        >
          <span
            style={
              Object {
                "opacity": "0.34",
              }
            }
          >
            0
             item
          </span>
        </div>
        <div
          className="MuiPaper-root MuiTableContainer-root MuiPaper-elevation1 MuiPaper-rounded"
        >
          <table
            aria-label="collapsible table"
            className="MuiTable-root"
            role={null}
          >
            <thead
              className="MuiTableHead-root"
              role={null}
            >
              <tr
                className="MuiTableRow-root MuiTableRow-head"
                role={null}
              >
                <th
                  aria-sort={null}
                  className="MuiTableCell-root MuiTableCell-head"
                  scope="col"
                />
                <th
                  aria-sort={null}
                  className="MuiTableCell-root MuiTableCell-head"
                  scope="col"
                >
                  Contest
                </th>
                <th
                  aria-sort={null}
                  className="MuiTableCell-root MuiTableCell-head MuiTableCell-alignRight"
                  scope="col"
                >
                  In
                </th>
              </tr>
            </thead>
            <tbody
              className="MuiTableBody-root"
              role={null}
            />
          </table>
        </div>
      </div>
    </div>
  </div>
</div>
`;
